../Core/Src/main.c:85:9:BCD2DEC	16	static
../Core/Src/main.c:89:9:DEC2BCD	16	static
../Core/Src/main.c:93:6:setTime	32	static
../Core/Src/main.c:108:6:HAL_I2C_MemRxCpltCallback	16	static
../Core/Src/main.c:130:5:__io_putchar	16	static
../Core/Src/main.c:141:5:main	128	static
../Core/Src/main.c:233:6:SystemClock_Config	88	static
../Core/Src/main.c:280:13:MX_I2C1_Init	8	static
../Core/Src/main.c:314:13:MX_USART1_UART_Init	8	static
../Core/Src/main.c:347:13:MX_GPIO_Init	24	static
../Core/Src/main.c:372:6:StartDefaultTask	24	static
../Core/Src/main.c:392:6:StartTask02	16	static
../Core/Src/main.c:413:6:StartTask03	96	static
../Core/Src/main.c:459:6:Error_Handler	4	static,ignoring_inline_asm
